// Jest Snapshot v1, https://goo.gl/fbAQLP

exports[`내가 원하는대로 그려지는지 test 1`] = `
<div>
  <div>
    바바는 고양이입니다.
  </div>
  바바의 취미 : 
  <input
    type="text"
  />
  <button>
    클릭미
  </button>
</div>
`;
